// Jest Snapshot v1, https://goo.gl/fbAQLP

exports[`FilterContainer Component Should match snapshot 1`] = `<DocumentFragment />`;
