// Jest Snapshot v1, https://goo.gl/fbAQLP

exports[`ProgramsContainer renders - ProgramsContainer 1`] = `
<div>
  <div
    class="RootContainer"
  >
    <h1>
      Loading...
    </h1>
  </div>
</div>
`;
