// Jest Snapshot v1, https://goo.gl/fbAQLP

exports[`YearContainer Component Should match snapshot 1`] = `<DocumentFragment />`;
